Successfully read Module:
 Name: foo.bc
 Target triple: x86_64-unknown-linux-gnu
 Function: my_func
  BasicBlock: entry
   Instruction: alloca
   Instruction: alloca
   Instruction: store
   Instruction: load
   Instruction: store
   Instruction: load
   Instruction: add
   Instruction: ret
 Function: main
  BasicBlock: entry
   Instruction: alloca
   Instruction: alloca
   Instruction: alloca
   Instruction: alloca
   Instruction: alloca
   Instruction: store
   Instruction: store
   Instruction: store
   Instruction: store
   Instruction: store
   Instruction: load
   Instruction: icmp
   Instruction: br
  BasicBlock: if.then
   Instruction: load
   Instruction: store
   Instruction: br
  BasicBlock: if.else
   Instruction: load
   Instruction: call
   Instruction: store
   Instruction: br
  BasicBlock: if.end
   Instruction: load
   Instruction: ret
